*** Using Compiler 'V5.06 update 7 (build 960)', folder: 'C:\Keil_v5\ARM\ARMCC\Bin'
Rebuild target 'AllStartted'
assembling startup_stm32f103xb.s...
compiling stm32f1xx_hal_tim_ex.c...
compiling stm32f1xx_hal_tim.c...
compiling stm32f1xx_hal_gpio_ex.c...
compiling stm32f1xx_it.c...
compiling main.c...
../Core/Src/main.c(96): warning:  #167-D: argument of type "uint8_t *" is incompatible with parameter of type "const char *"
        arrTransducer[numIndex].frequency = atoi(fValue);
../Core/Src/main.c(104): warning:  #167-D: argument of type "uint8_t *" is incompatible with parameter of type "const char *"
        arrTransducer[numIndex].phase = atoi(pValue);
../Core/Src/main.c(199): warning:  #167-D: argument of type "char *" is incompatible with parameter of type "uint8_t *"
        HAL_UART_Transmit_IT(&huart1, sendData, sizeof(sendData) - 1);
../Core/Src/main.c(174): warning:  #546-D: transfer of control bypasses initialization of:
            variable "stringFrequency"  (declared at line 190)
            variable "stringPhase"  (declared at line 191)
            variable "sendData"  (declared at line 192)
            variable "pString"  (declared at line 193)
      switch (_state)
      ^
../Core/Src/main.c: 4 warnings, 0 errors
compiling stm32f1xx_hal_msp.c...
compiling AD9833.c...
..\Core\Src\AD9833.c(311): warning:  #1-D: last line of file ends without a newline
  }
..\Core\Src\AD9833.c: 1 warning, 0 errors
compiling stm32f1xx_hal_cortex.c...
compiling stm32f1xx_hal.c...
compiling stm32f1xx_hal_dma.c...
compiling stm32f1xx_hal_uart.c...
compiling stm32f1xx_hal_gpio.c...
compiling stm32f1xx_hal_rcc_ex.c...
compiling stm32f1xx_hal_rcc.c...
compiling system_stm32f1xx.c...
compiling stm32f1xx_hal_exti.c...
compiling stm32f1xx_hal_pwr.c...
compiling stm32f1xx_hal_flash.c...
compiling stm32f1xx_hal_flash_ex.c...
linking...
Program Size: Code=8576 RO-data=456 RW-data=64 ZI-data=1392  
FromELF: creating hex file...
"AllStartted\AllStartted.axf" - 0 Error(s), 5 Warning(s).
Build Time Elapsed:  00:00:15
