<html>
<body>
<pre>
<h1>µVision Build Log</h1>
<h2>Tool Versions:</h2>
IDE-Version: µVision V5.36.0.0
Copyright (C) 2021 ARM Ltd and ARM Germany GmbH. All rights reserved.
License Information: muhammed mayda, marmara, LIC=----
 
Tool Versions:
Toolchain:       MDK-Lite  Version: 5.36.0.0
Toolchain Path:  C:\Keil_v5\ARM\ARMCC\Bin
C Compiler:      Armcc.exe V5.06 update 7 (build 960)
Assembler:       Armasm.exe V5.06 update 7 (build 960)
Linker/Locator:  ArmLink.exe V5.06 update 7 (build 960)
Library Manager: ArmAr.exe V5.06 update 7 (build 960)
Hex Converter:   FromElf.exe V5.06 update 7 (build 960)
CPU DLL:         SARMCM3.DLL V5.36.0.0
Dialog DLL:      DCM.DLL V1.17.3.0
Target DLL:      STLink\ST-LINKIII-KEIL_SWO.dll V3.0.5.0
Dialog DLL:      TCM.DLL V1.53.0.0
 
<h2>Project:</h2>
C:\Users\Muhammed MAYDA\Desktop\Yüksek\Tez-Programs\AllStartted\MDK-ARM\AllStartted.uvprojx
Project File Date:  05/17/2022

<h2>Output:</h2>
*** Using Compiler 'V5.06 update 7 (build 960)', folder: 'C:\Keil_v5\ARM\ARMCC\Bin'
Rebuild target 'AllStartted'
assembling startup_stm32f103xb.s...
compiling stm32f1xx_hal_tim.c...
compiling stm32f1xx_hal_gpio_ex.c...
compiling stm32f1xx_it.c...
compiling stm32f1xx_hal_msp.c...
compiling main.c...
../Core/Src/main.c(101): warning:  #167-D: argument of type "uint8_t *" is incompatible with parameter of type "const char *"
        arrTransducer[numIndex].frequency = atoi(fValue);
../Core/Src/main.c(109): warning:  #167-D: argument of type "uint8_t *" is incompatible with parameter of type "const char *"
        arrTransducer[numIndex].phase = atoi(pValue);
../Core/Src/main.c(125): warning:  #167-D: argument of type "uint8_t *" is incompatible with parameter of type "const char *"
  			_period = atoi(period);
../Core/Src/main.c(133): warning:  #167-D: argument of type "uint8_t *" is incompatible with parameter of type "const char *"
  			_duty = atoi(duty);
../Core/Src/main.c(213): warning:  #546-D: transfer of control bypasses initialization of:
            variable "stringFrequency"  (declared at line 230)
            variable "stringPhase"  (declared at line 231)
            variable "sendData"  (declared at line 232)
            variable "pString"  (declared at line 233)
      switch (_state)
      ^
../Core/Src/main.c: 5 warnings, 0 errors
compiling AD9833.c...
..\Core\Src\AD9833.c(331): warning:  #1-D: last line of file ends without a newline
  }
..\Core\Src\AD9833.c: 1 warning, 0 errors
compiling stm32f1xx_hal_tim_ex.c...
compiling stm32f1xx_hal_gpio.c...
compiling stm32f1xx_hal_cortex.c...
compiling stm32f1xx_hal.c...
compiling stm32f1xx_hal_rcc_ex.c...
compiling stm32f1xx_hal_uart.c...
compiling stm32f1xx_hal_dma.c...
compiling stm32f1xx_hal_rcc.c...
compiling system_stm32f1xx.c...
compiling stm32f1xx_hal_exti.c...
compiling stm32f1xx_hal_pwr.c...
compiling stm32f1xx_hal_flash.c...
compiling stm32f1xx_hal_flash_ex.c...
linking...
Program Size: Code=7916 RO-data=456 RW-data=76 ZI-data=1468  
FromELF: creating hex file...
"AllStartted\AllStartted.axf" - 0 Error(s), 6 Warning(s).

<h2>Software Packages used:</h2>

Package Vendor: ARM
                http://www.keil.com/pack/ARM.CMSIS.5.8.0.pack
                ARM.CMSIS.5.8.0
                CMSIS (Common Microcontroller Software Interface Standard)
   * Component: CORE Version: 5.5.0

Package Vendor: Keil
                http://www.keil.com/pack/Keil.STM32F1xx_DFP.2.4.0.pack
                Keil.STM32F1xx_DFP.2.4.0
                STMicroelectronics STM32F1 Series Device Support, Drivers and Examples

<h2>Collection of Component include folders:</h2>
  .\RTE\_AllStartted
  C:\Users\Muhammed MAYDA\AppData\Local\Arm\Packs\ARM\CMSIS\5.8.0\CMSIS\Core\Include
  C:\Users\Muhammed MAYDA\AppData\Local\Arm\Packs\Keil\STM32F1xx_DFP\2.4.0\Device\Include

<h2>Collection of Component Files used:</h2>

   * Component: ARM::CMSIS:CORE:5.5.0
      Include file:  CMSIS\Core\Include\tz_context.h
Build Time Elapsed:  00:00:21
</pre>
</body>
</html>
